I'm sorry, but errors were detected in your script. Please correct the
errors listed below, and try again.


File "game/script.rpy", line 34: end of line expected.
    add "mc senyum 2.png":
                         ^

Ren'Py Version: Ren'Py 8.2.1.24030407
Tue May 21 22:55:27 2024
